../Core/Src/main.c:98:5:main	72	static
../Core/Src/main.c:176:6:SystemClock_Config	128	static
../Core/Src/main.c:227:13:MX_I2C1_Init	8	static
../Core/Src/main.c:275:13:MX_SPI1_Init	8	static
../Core/Src/main.c:315:13:MX_USART1_UART_Init	8	static
../Core/Src/main.c:350:13:MX_USB_PCD_Init	8	static
../Core/Src/main.c:381:13:MX_GPIO_Init	48	static
../Core/Src/main.c:429:6:taskdefault_send	64	static
../Core/Src/main.c:436:6:task02_send	64	static
../Core/Src/main.c:444:6:StartTask02	16	static
../Core/Src/main.c:470:6:StartDefaultTask	24	static
../Core/Src/main.c:503:6:HAL_TIM_PeriodElapsedCallback	16	static
../Core/Src/main.c:520:6:Error_Handler	4	static,ignoring_inline_asm
